[alban@neptune karydia]$ kubectl create namespace demo1
namespace/demo1 created
[alban@neptune karydia]$ kubectl annotate ns demo1 karydia.gardener.cloud/automountServiceAccountToken=non-default
namespace/demo1 annotated
[alban@neptune karydia]$ # Pods using the default service account no longer allowed.
[alban@neptune karydia]$ # Let's check
[alban@neptune karydia]$ kubectl run --rm -ti -n demo1 --restart=Never --image busybox busybox -- echo hello world
Error from server (InternalError): Internal error occurred: admission webhook "karydia.gardener.cloud" denied the request: [automount of service account 'default' not allowed]
[alban@neptune karydia]$ # Let's use another service account.
[alban@neptune karydia]$ cat <<EOF | kubectl apply -n demo1 -f -
> ---
> 
> apiVersion: v1
> kind: ServiceAccount
> metadata:
>   name: testsa
> 
> ---
> 
> apiVersion: v1
> kind: Pod
> metadata:
>   name: busybox
> spec:
>   serviceAccountName: "testsa"
>   containers:
>   - image: schu/busybox-nobody
>     imagePullPolicy: IfNotPresent
>     name: busybox
>     command: ["sleep", "300"]
> EOF
serviceaccount/testsa created
pod/busybox created
[alban@neptune karydia]$ 
