Copyright 2019 Copyright (c) 2019 SAP SE or an SAP affiliate company. All rights reserved. This file is licensed under the Apache Software License, v. 2 except as noted otherwise in the LICENSE file.

Licensed under the Apache License, Version 2.0 (the "License");
you may not use this file except in compliance with the License.
You may obtain a copy of the License at

     http://www.apache.org/licenses/LICENSE-2.0

Unless required by applicable law or agreed to in writing, software
distributed under the License is distributed on an "AS IS" BASIS,
WITHOUT WARRANTIES OR CONDITIONS OF ANY KIND, either express or implied.
See the License for the specific language governing permissions and
limitations under the License.
[alban@neptune karydia]$ kubectl create namespace demo1
namespace/demo1 created
[alban@neptune karydia]$ kubectl annotate ns demo1 karydia.gardener.cloud/automountServiceAccountToken=non-default
namespace/demo1 annotated
[alban@neptune karydia]$ # Pods using the default service account no longer allowed.
[alban@neptune karydia]$ # Let's check
[alban@neptune karydia]$ kubectl run --rm -ti -n demo1 --restart=Never --image busybox busybox -- echo hello world
Error from server (InternalError): Internal error occurred: admission webhook "karydia.gardener.cloud" denied the request: [automount of service account 'default' not allowed]
[alban@neptune karydia]$ # Let's use another service account.
[alban@neptune karydia]$ cat <<EOF | kubectl apply -n demo1 -f -
> ---
> 
> apiVersion: v1
> kind: ServiceAccount
> metadata:
>   name: testsa
> 
> ---
> 
> apiVersion: v1
> kind: Pod
> metadata:
>   name: busybox
> spec:
>   serviceAccountName: "testsa"
>   containers:
>   - image: schu/busybox-nobody
>     imagePullPolicy: IfNotPresent
>     name: busybox
>     command: ["sleep", "300"]
> EOF
serviceaccount/testsa created
pod/busybox created
[alban@neptune karydia]$ 
